// Jest Snapshot v1, https://goo.gl/fbAQLP

exports[`<CreateItem/> renders and matches snapshot 1`] = `
<div>
  <form
    class="Form-sc-1xszr8q-0 fCpNnG"
    data-test="form"
  >
    <fieldset
      aria-busy="false"
    >
      <label
        for="file"
      >
        Image
        <input
          id="file"
          name="file"
          placeholder="Upload an image"
          required=""
          type="file"
        />
        
      </label>
      <label
        for="title"
      >
        Title
        <input
          id="title"
          name="title"
          placeholder="Title"
          required=""
          type="text"
          value=""
        />
      </label>
      <label
        for="price"
      >
        Price
        <input
          id="price"
          name="price"
          placeholder="Price"
          required=""
          type="text"
          value="500"
        />
      </label>
      <label
        for="description"
      >
        Description
        <textarea
          id="description"
          name="description"
          placeholder="Enter a Description"
          required=""
          type="text"
        >
          soo nice
        </textarea>
      </label>
      <button
        type="submit"
      >
        Submit
      </button>
    </fieldset>
  </form>
</div>
`;
