// Jest Snapshot v1, https://goo.gl/fbAQLP

exports[`<Item/> renders and matches the snapshot 1`] = `
<div>
  <div
    class="ItemStyles__Item-sc-16pk14u-0 EJjXi"
  >
    <img
      alt="dogs are best"
      src="dog-small.jpg"
    />
    <h3
      class="Title-sc-16nq74k-0 iuvmfe"
    >
      <a
        href="/item?id=abc123"
      >
        dogs are best
      </a>
    </h3>
    <span
      class="PriceTag-nwbk6t-0 gwFXfj"
    >
      $50
    </span>
    <p>
      dogs
    </p>
    <div
      class="buttonList"
    >
      <a
        href="/update?id=abc123"
      >
        Edit ✏️
      </a>
      <button
        type="button"
      >
        Add
         To Cart 🛒
      </button>
      <button
        type="button"
      >
        Delete This Item
      </button>
    </div>
  </div>
</div>
`;
